V3 2
FL "C:/Users/Jack/Desktop/EECS 31L/Final Project/FinalProject_67574625_cpu/pooriam_c31L_pack.vhd" 2015/03/08.20:50:40 P.20131013
PH work/c31L_pack 1425873108 \
      FL "C:/Users/Jack/Desktop/EECS 31L/Final Project/FinalProject_67574625_cpu/pooriam_c31L_pack.vhd" \
      PB ieee/std_logic_1164 1381692176
